// Jest Snapshot v1, https://goo.gl/fbAQLP

exports[`Testing PlayBoard Component Render with fullprops has 3 noCursor class and match snapshot 1`] = `
<section
  class="w-100 containerBack"
>
  <div
    class="container"
  >
    <div
      class="row m-0"
    >
      <div
        class="col-12 col-lg-5 m-auto customPaddingTop text-center"
      >
        <img
          alt="tictoc"
          class="img-fluid"
          src="tictoctoe.png"
        />
      </div>
      <div
        class="col-12 col-lg-7 customPaddingTop m-auto"
      >
        <div
          class="row m-0"
        >
          <div
            class="col-lg-9 col-12 m-auto"
          >
            <div
              class="row m-0"
            >
              <div
                class="col clickText  tictok box0col0"
              />
              <div
                class="col clickText  tictok box0col1"
              />
              <div
                class="col clickText noCursor tictok box0col2"
              >
                X
              </div>
            </div>
          </div>
          <div
            class="col-lg-9 col-12 m-auto"
          >
            <div
              class="row m-0"
            >
              <div
                class="col clickText  tictok box1col0"
              />
              <div
                class="col clickText noCursor tictok box1col1"
              >
                X
              </div>
              <div
                class="col clickText  tictok box1col2"
              />
            </div>
          </div>
          <div
            class="col-lg-9 col-12 m-auto"
          >
            <div
              class="row m-0"
            >
              <div
                class="col clickText  tictok box2col0"
              />
              <div
                class="col clickText  tictok box2col1"
              />
              <div
                class="col clickText noCursor tictok box2col2"
              >
                O
              </div>
            </div>
          </div>
        </div>
      </div>
    </div>
  </div>
</section>
`;
